[copyprint.ee/assets/images/jkk-logo-350x350-53.png]
[backblue.gif]
[fade.gif]
[index.html]
[apis.google.com/js/platform.js]
[mc.yandex.ru/metrika/tag.js]
[copyprint.ee/assets/images/jkk.jpg]
[copyprint.ee/assets/images/icons/copy.png]
[copyprint.ee/assets/images/icons/print.png]
[copyprint.ee/assets/images/icons/ploter.png]
[copyprint.ee/assets/images/icons/scan.png]
[copyprint.ee/assets/images/icons/package.png]
[copyprint.ee/assets/images/icons/inks.png]
[copyprint.ee/assets/images/icons/photo.png]
[copyprint.ee/assets/images/icons/other.png]
[copyprint.ee/assets/images/ricoh4000.jpg]
[copyprint.ee/assets/images/room3.jpg]
[www.google-analytics.com/analytics.js]
[copyprint.ee/index.html]
[copyprint.ee/assets/bootstrap/css/bootstrap.min.css]
[copyprint.ee/assets/animate.css/animate.min.css]
[copyprint.ee/assets/socicon/css/socicon.min.css]
[copyprint.ee/assets/mobirise/css/style.css]
[copyprint.ee/assets/mobirise-slider/style.css]
[copyprint.ee/assets/mobirise-gallery/style.css]
[copyprint.ee/assets/mobirise/css/mbr-additional.css]
[www.googletagmanager.com/gtm5445.html]
[copyprint.ee/assets/jquery/jquery.min.js]
[copyprint.ee/assets/images/ricoh4000.jpg]
[copyprint.ee/assets/images/room3.jpg]
[copyprint.ee/assets/bootstrap/js/bootstrap.min.js]
[copyprint.ee/assets/smooth-scroll/SmoothScroll.js]
[copyprint.ee/assets/jarallax/jarallax.js]
[copyprint.ee/assets/bootstrap-carousel-swipe/bootstrap-carousel-swipe.js]
[copyprint.ee/assets/masonry/masonry.pkgd.min.js]
[copyprint.ee/assets/imagesloaded/imagesloaded.pkgd.min.js]
[copyprint.ee/assets/social-likes/social-likes.js]
[copyprint.ee/assets/mobirise/js/script.js]
[copyprint.ee/assets/mobirise-gallery/script.js]
[copyprint.ee/assets/bootstrap/fonts/glyphicons-halflings-regular.html]
[copyprint.ee/assets/bootstrap/fonts/glyphicons-halflings-regulard41d.html]
[copyprint.ee/assets/bootstrap/fonts/glyphicons-halflings-regular-2.html]
[copyprint.ee/assets/bootstrap/fonts/glyphicons-halflings-regular-3.html]
[copyprint.ee/assets/bootstrap/fonts/glyphicons-halflings-regular-4.html]
[copyprint.ee/assets/bootstrap/fonts/glyphicons-halflings-regular.svg]
[copyprint.ee/assets/socicon/fonts/socicon.html]
[copyprint.ee/assets/socicon/fonts/socicond41d.html]
[copyprint.ee/assets/socicon/fonts/socicon-2.html]
[copyprint.ee/assets/socicon/fonts/socicon-3.html]
[copyprint.ee/assets/socicon/fonts/socicon-4.html]
[copyprint.ee/assets/socicon/fonts/socicon.svg]
[copyprint.ee/Popover requires tooltip.html]
[copyprint.ee/sddefault.html]
[copyprint.ee/hqdefault.html]
